Copyright 1986-2022 Xilinx, Inc. All Rights Reserved. Copyright 2022-2025 Advanced Micro Devices, Inc. All Rights Reserved.
---------------------------------------------------------------------------------------------------------------------------------------------
| Tool Version : Vivado v.2025.2 (lin64) Build 6299465 Fri Nov 14 12:34:56 MST 2025
| Date         : Fri Aug 28 11:16:45 2026
| Host         : l-1tmyz44.physics.lsa.umich.edu running 64-bit Red Hat Enterprise Linux 9.8 (Plow)
| Command      : report_utilization -hierarchical -file /home/tengyao/keria-board-self-driving-trigger/reports/loopback_utilization.rpt
| Design       : system_wrapper
| Device       : xck26-sfvc784-2LV-c
| Speed File   : -2LV
| Design State : Routed
---------------------------------------------------------------------------------------------------------------------------------------------

Utilization Design Information

Table of Contents
-----------------
1. Utilization by Hierarchy

1. Utilization by Hierarchy
---------------------------

+---------------------------------------------------------------------------------------------------+----------------------------------------------------+------------+------------+---------+------+------+--------+--------+------+------------+
|                                              Instance                                             |                       Module                       | Total LUTs | Logic LUTs | LUTRAMs | SRLs |  FFs | RAMB36 | RAMB18 | URAM | DSP Blocks |
+---------------------------------------------------------------------------------------------------+----------------------------------------------------+------------+------------+---------+------+------+--------+--------+------+------------+
| system_wrapper                                                                                    |                                              (top) |       4387 |       3699 |     544 |  144 | 6840 |      2 |      2 |    0 |          0 |
|   system_i                                                                                        |                                             system |       4387 |       3699 |     544 |  144 | 6840 |      2 |      2 |    0 |          0 |
|     control_smc                                                                                   |                               system_control_smc_0 |        732 |        731 |       0 |    1 |  797 |      0 |      0 |    0 |          0 |
|       inst                                                                                        |                                            bd_cccd |        732 |        731 |       0 |    1 |  797 |      0 |      0 |    0 |          0 |
|         s00_entry_pipeline                                                                        |                      s00_entry_pipeline_imp_FBKXLF |        674 |        674 |       0 |    0 |  629 |      0 |      0 |    0 |          0 |
|           s00_mmu                                                                                 |                                   bd_cccd_s00mmu_0 |        212 |        212 |       0 |    0 |  241 |      0 |      0 |    0 |          0 |
|             inst                                                                                  |                                 sc_mmu_v1_0_16_top |        212 |        212 |       0 |    0 |  241 |      0 |      0 |    0 |          0 |
|               (inst)                                                                              |                                 sc_mmu_v1_0_16_top |         72 |         72 |       0 |    0 |   17 |      0 |      0 |    0 |          0 |
|               ar_reg_stall                                                                        |   sc_util_v1_0_4_axi_reg_stall__parameterized0_163 |         43 |         43 |       0 |    0 |   86 |      0 |      0 |    0 |          0 |
|               aw_reg_stall                                                                        |   sc_util_v1_0_4_axi_reg_stall__parameterized0_164 |         46 |         46 |       0 |    0 |   86 |      0 |      0 |    0 |          0 |
|               gen_endpoint.decerr_slave_inst                                                      |                        sc_mmu_v1_0_16_decerr_slave |         55 |         55 |       0 |    0 |   49 |      0 |      0 |    0 |          0 |
|           s00_si_converter                                                                        |                                   bd_cccd_s00sic_0 |        457 |        457 |       0 |    0 |  348 |      0 |      0 |    0 |          0 |
|             inst                                                                                  |                        sc_si_converter_v1_0_16_top |        457 |        457 |       0 |    0 |  348 |      0 |      0 |    0 |          0 |
|               gen_axilite_conv.axilite_conv_inst                                                  |               sc_si_converter_v1_0_16_axilite_conv |        456 |        456 |       0 |    0 |  344 |      0 |      0 |    0 |          0 |
|         s00_nodes                                                                                 |                               s00_nodes_imp_9KNL6X |         39 |         39 |       0 |    0 |  129 |      0 |      0 |    0 |          0 |
|     dma                                                                                           |                                       system_dma_0 |       1646 |       1517 |       8 |  121 | 2440 |      2 |      2 |    0 |          0 |
|       U0                                                                                          |                                            axi_dma |       1646 |       1517 |       8 |  121 | 2440 |      2 |      2 |    0 |          0 |
|         INCLUDE_MM2S_SOF_EOF_GENERATOR.I_MM2S_DMA_MNGR                                            |                                  axi_dma_mm2s_mngr |         17 |         17 |       0 |    0 |   76 |      0 |      0 |    0 |          0 |
|           GEN_MM2S_DMA_CONTROL.GEN_SIMPLE_DMA_MODE.I_MM2S_SMPL_SM                                 |                                axi_dma_smple_sm_19 |         10 |         10 |       0 |    0 |   65 |      0 |      0 |    0 |          0 |
|         INCLUDE_S2MM_SOF_EOF_GENERATOR.I_S2MM_DMA_MNGR                                            |                                  axi_dma_s2mm_mngr |         31 |         31 |       0 |    0 |  104 |      0 |      0 |    0 |          0 |
|           GEN_S2MM_DMA_CONTROL.GEN_SIMPLE_DMA_MODE.I_S2MM_SMPL_SM                                 |                                   axi_dma_smple_sm |         10 |         10 |       0 |    0 |   65 |      0 |      0 |    0 |          0 |
|         I_AXI_DMA_REG_MODULE                                                                      |                                 axi_dma_reg_module |        135 |        135 |       0 |    0 |  265 |      0 |      0 |    0 |          0 |
|           GEN_AXI_LITE_IF.AXI_LITE_IF_I                                                           |                                    axi_dma_lite_if |        107 |        107 |       0 |    0 |   85 |      0 |      0 |    0 |          0 |
|           GEN_MM2S_REGISTERS.I_MM2S_DMA_REGISTER                                                  |                                   axi_dma_register |         17 |         17 |       0 |    0 |   90 |      0 |      0 |    0 |          0 |
|           GEN_S2MM_REGISTERS.I_S2MM_DMA_REGISTER                                                  |                              axi_dma_register_s2mm |         12 |         12 |       0 |    0 |   90 |      0 |      0 |    0 |          0 |
|         I_PRMRY_DATAMOVER                                                                         |                                      axi_datamover |       1443 |       1314 |       8 |  121 | 1957 |      2 |      2 |    0 |          0 |
|           GEN_MM2S_FULL.I_MM2S_FULL_WRAPPER                                                       |                       axi_datamover_mm2s_full_wrap |        440 |        400 |       0 |   40 |  578 |      1 |      1 |    0 |          0 |
|             ENABLE_AXIS_SKID.I_MM2S_SKID_BUF                                                      |                           axi_datamover_skid_buf_7 |         80 |         80 |       0 |    0 |  153 |      0 |      0 |    0 |          0 |
|             GEN_INCLUDE_MM2S_SF.I_RD_SF                                                           |                                axi_datamover_rd_sf |         74 |         74 |       0 |    0 |   59 |      1 |      1 |    0 |          0 |
|               I_DATA_FIFO                                                                         |                         axi_datamover_sfifo_autord |         63 |         63 |       0 |    0 |   47 |      1 |      1 |    0 |          0 |
|                 BLK_MEM.I_SYNC_FIFOGEN_FIFO                                                       |                                      xpm_fifo_sync |         56 |         56 |       0 |    0 |   47 |      1 |      1 |    0 |          0 |
|                   xpm_fifo_base_inst                                                              |                                      xpm_fifo_base |         56 |         56 |       0 |    0 |   47 |      1 |      1 |    0 |          0 |
|             I_CMD_STATUS                                                                          |                           axi_datamover_cmd_status |          8 |          8 |       0 |    0 |   71 |      0 |      0 |    0 |          0 |
|               I_CMD_FIFO                                                                          |                               axi_datamover_fifo_9 |          3 |          3 |       0 |    0 |   65 |      0 |      0 |    0 |          0 |
|             I_MSTR_PCC                                                                            |                                  axi_datamover_pcc |        174 |        174 |       0 |    0 |  182 |      0 |      0 |    0 |          0 |
|           GEN_S2MM_FULL.I_S2MM_FULL_WRAPPER                                                       |                       axi_datamover_s2mm_full_wrap |       1004 |        915 |       8 |   81 | 1379 |      1 |      1 |    0 |          0 |
|             ENABLE_AXIS_SKID.I_S2MM_STRM_SKID_BUF                                                 |                             axi_datamover_skid_buf |         81 |         81 |       0 |    0 |  152 |      0 |      0 |    0 |          0 |
|             GEN_ENABLE_INDET_BTT_SF.I_INDET_BTT                                                   |                            axi_datamover_indet_btt |        207 |        199 |       8 |    0 |  270 |      1 |      1 |    0 |          0 |
|               I_XD_FIFO                                                                           |         axi_datamover_sfifo_autord__parameterized0 |         62 |         54 |       8 |    0 |   56 |      0 |      0 |    0 |          0 |
|                 NON_BLK_MEM.I_SYNC_FIFOGEN_FIFO                                                   |                      xpm_fifo_sync__parameterized1 |         43 |         35 |       8 |    0 |   56 |      0 |      0 |    0 |          0 |
|                   xpm_fifo_base_inst                                                              |                      xpm_fifo_base__parameterized0 |         43 |         35 |       8 |    0 |   56 |      0 |      0 |    0 |          0 |
|               ENABLE_AXIS_SKID.I_INDET_BTT_SKID_BUF                                               |             axi_datamover_skid_buf__parameterized0 |         83 |         83 |       0 |    0 |  160 |      0 |      0 |    0 |          0 |
|             GEN_INCLUDE_IBTTCC.I_S2MM_MSTR_IBTTCC                                                 |                               axi_datamover_ibttcc |        166 |        166 |       0 |    0 |  251 |      0 |      0 |    0 |          0 |
|             GEN_INCLUDE_REALIGNER.I_S2MM_REALIGNER                                                |                         axi_datamover_s2mm_realign |        287 |        259 |       0 |   28 |  271 |      0 |      0 |    0 |          0 |
|               GEN_INCLUDE_SCATTER.I_S2MM_SCATTER                                                  |                         axi_datamover_s2mm_scatter |        254 |        244 |       0 |   10 |  258 |      0 |      0 |    0 |          0 |
|                 (GEN_INCLUDE_SCATTER.I_S2MM_SCATTER)                                              |                         axi_datamover_s2mm_scatter |         80 |         80 |       0 |    0 |   75 |      0 |      0 |    0 |          0 |
|                 I_MSSAI_SKID_BUF                                                                  |                       axi_datamover_mssai_skid_buf |        116 |        116 |       0 |    0 |  156 |      0 |      0 |    0 |          0 |
|             I_CMD_STATUS                                                                          |           axi_datamover_cmd_status__parameterized0 |         23 |         23 |       0 |    0 |   99 |      0 |      0 |    0 |          0 |
|               I_CMD_FIFO                                                                          |                                 axi_datamover_fifo |          4 |          4 |       0 |    0 |   65 |      0 |      0 |    0 |          0 |
|             I_S2MM_MMAP_SKID_BUF                                                                  |                          axi_datamover_skid2mm_buf |         68 |         68 |       0 |    0 |  151 |      0 |      0 |    0 |          0 |
|             I_WR_DATA_CNTL                                                                        |                          axi_datamover_wrdata_cntl |         94 |         83 |       0 |   11 |   67 |      0 |      0 |    0 |          0 |
|               (I_WR_DATA_CNTL)                                                                    |                          axi_datamover_wrdata_cntl |         58 |         58 |       0 |    0 |   61 |      0 |      0 |    0 |          0 |
|     memory_smc                                                                                    |                                system_memory_smc_0 |       1998 |       1441 |     536 |   21 | 3570 |      0 |      0 |    0 |          0 |
|       inst                                                                                        |                                            bd_3f73 |       1998 |       1441 |     536 |   21 | 3570 |      0 |      0 |    0 |          0 |
|         m00_exit_pipeline                                                                         |                       m00_exit_pipeline_imp_MRNY3I |        286 |        276 |       0 |   10 |  824 |      0 |      0 |    0 |          0 |
|           m00_exit                                                                                |                                     bd_3f73_m00e_0 |        286 |        276 |       0 |   10 |  824 |      0 |      0 |    0 |          0 |
|             inst                                                                                  |                sc_exit_v1_0_18_top__parameterized0 |        286 |        276 |       0 |   10 |  824 |      0 |      0 |    0 |          0 |
|               w_reg                                                                               |   sc_util_v1_0_4_axi_reg_stall__parameterized0_135 |         77 |         77 |       0 |    0 |  294 |      0 |      0 |    0 |          0 |
|               ar_reg                                                                              |   sc_util_v1_0_4_axi_reg_stall__parameterized0_131 |         41 |         41 |       0 |    0 |  112 |      0 |      0 |    0 |          0 |
|               aw_reg                                                                              |   sc_util_v1_0_4_axi_reg_stall__parameterized0_132 |         40 |         40 |       0 |    0 |  112 |      0 |      0 |    0 |          0 |
|               r_reg                                                                               |   sc_util_v1_0_4_axi_reg_stall__parameterized0_134 |         71 |         71 |       0 |    0 |  266 |      0 |      0 |    0 |          0 |
|         m00_nodes                                                                                 |                                m00_nodes_imp_M9BW2 |        645 |        378 |     266 |    1 |  717 |      0 |      0 |    0 |          0 |
|           m00_ar_node                                                                             |                                   bd_3f73_m00arn_0 |        117 |         69 |      48 |    0 |  124 |      0 |      0 |    0 |          0 |
|             inst                                                                                  |                sc_node_v1_0_19_top__parameterized4 |        117 |         69 |      48 |    0 |  124 |      0 |      0 |    0 |          0 |
|               inst_mi_handler                                                                     |         sc_node_v1_0_19_mi_handler__parameterized4 |        109 |         61 |      48 |    0 |  113 |      0 |      0 |    0 |          0 |
|                 gen_normal_area.inst_fifo_node_payld                                              |           sc_node_v1_0_19_fifo__parameterized4_121 |         74 |         26 |      48 |    0 |   89 |      0 |      0 |    0 |          0 |
|                   gen_xpm_memory_fifo.inst_fifo                                                   | sc_util_v1_0_4_xpm_memory_fifo__parameterized0_123 |         74 |         26 |      48 |    0 |   89 |      0 |      0 |    0 |          0 |
|                     gen_mem_rep[0].inst_xpm_memory                                                |                  xpm_memory_sdpram__parameterized0 |         48 |          0 |      48 |    0 |   68 |      0 |      0 |    0 |          0 |
|                       xpm_memory_base_inst                                                        |                    xpm_memory_base__parameterized3 |         48 |          0 |      48 |    0 |   68 |      0 |      0 |    0 |          0 |
|           m00_aw_node                                                                             |                                   bd_3f73_m00awn_0 |        128 |         87 |      40 |    1 |  128 |      0 |      0 |    0 |          0 |
|             inst                                                                                  |                sc_node_v1_0_19_top__parameterized5 |        128 |         87 |      40 |    1 |  128 |      0 |      0 |    0 |          0 |
|               inst_mi_handler                                                                     |         sc_node_v1_0_19_mi_handler__parameterized5 |        102 |         62 |      40 |    0 |  109 |      0 |      0 |    0 |          0 |
|                 gen_normal_area.inst_fifo_node_payld                                              |               sc_node_v1_0_19_fifo__parameterized4 |         65 |         25 |      40 |    0 |   85 |      0 |      0 |    0 |          0 |
|                   gen_xpm_memory_fifo.inst_fifo                                                   |     sc_util_v1_0_4_xpm_memory_fifo__parameterized0 |         65 |         25 |      40 |    0 |   85 |      0 |      0 |    0 |          0 |
|                     gen_mem_rep[0].inst_xpm_memory                                                |               xpm_memory_sdpram__parameterized0__1 |         40 |          0 |      40 |    0 |   64 |      0 |      0 |    0 |          0 |
|                       xpm_memory_base_inst                                                        |                 xpm_memory_base__parameterized3__1 |         40 |          0 |      40 |    0 |   64 |      0 |      0 |    0 |          0 |
|           m00_b_node                                                                              |                                    bd_3f73_m00bn_0 |         85 |         75 |      10 |    0 |   62 |      0 |      0 |    0 |          0 |
|             inst                                                                                  |                sc_node_v1_0_19_top__parameterized6 |         85 |         75 |      10 |    0 |   62 |      0 |      0 |    0 |          0 |
|               inst_mi_handler                                                                     |         sc_node_v1_0_19_mi_handler__parameterized6 |         81 |         71 |      10 |    0 |   57 |      0 |      0 |    0 |          0 |
|           m00_r_node                                                                              |                                    bd_3f73_m00rn_0 |        156 |         74 |      82 |    0 |  196 |      0 |      0 |    0 |          0 |
|             inst                                                                                  |                sc_node_v1_0_19_top__parameterized7 |        156 |         74 |      82 |    0 |  196 |      0 |      0 |    0 |          0 |
|               inst_mi_handler                                                                     |         sc_node_v1_0_19_mi_handler__parameterized7 |        154 |         72 |      82 |    0 |  191 |      0 |      0 |    0 |          0 |
|                 gen_normal_area.inst_fifo_node_payld                                              |               sc_node_v1_0_19_fifo__parameterized7 |        117 |         37 |      80 |    0 |  159 |      0 |      0 |    0 |          0 |
|                   gen_xpm_memory_fifo.inst_fifo                                                   |     sc_util_v1_0_4_xpm_memory_fifo__parameterized3 |        117 |         37 |      80 |    0 |  159 |      0 |      0 |    0 |          0 |
|                     gen_mem_rep[0].inst_xpm_memory                                                |                  xpm_memory_sdpram__parameterized3 |         80 |          0 |      80 |    0 |  137 |      0 |      0 |    0 |          0 |
|                       xpm_memory_base_inst                                                        |                    xpm_memory_base__parameterized6 |         80 |          0 |      80 |    0 |  137 |      0 |      0 |    0 |          0 |
|           m00_w_node                                                                              |                                    bd_3f73_m00wn_0 |        159 |         73 |      86 |    0 |  207 |      0 |      0 |    0 |          0 |
|             inst                                                                                  |                sc_node_v1_0_19_top__parameterized8 |        159 |         73 |      86 |    0 |  207 |      0 |      0 |    0 |          0 |
|               inst_mi_handler                                                                     |         sc_node_v1_0_19_mi_handler__parameterized8 |        141 |         57 |      84 |    0 |  190 |      0 |      0 |    0 |          0 |
|                 gen_normal_area.inst_fifo_node_payld                                              |               sc_node_v1_0_19_fifo__parameterized9 |        109 |         25 |      84 |    0 |  166 |      0 |      0 |    0 |          0 |
|                   gen_xpm_memory_fifo.inst_fifo                                                   |     sc_util_v1_0_4_xpm_memory_fifo__parameterized5 |        109 |         25 |      84 |    0 |  166 |      0 |      0 |    0 |          0 |
|                     gen_mem_rep[0].inst_xpm_memory                                                |                  xpm_memory_sdpram__parameterized5 |         84 |          0 |      84 |    0 |  145 |      0 |      0 |    0 |          0 |
|                       xpm_memory_base_inst                                                        |                    xpm_memory_base__parameterized8 |         84 |          0 |      84 |    0 |  145 |      0 |      0 |    0 |          0 |
|         s00_entry_pipeline                                                                        |                     s00_entry_pipeline_imp_1M15X0D |        177 |        177 |       0 |    0 |  330 |      0 |      0 |    0 |          0 |
|           s00_mmu                                                                                 |                                   bd_3f73_s00mmu_0 |        161 |        161 |       0 |    0 |  326 |      0 |      0 |    0 |          0 |
|             inst                                                                                  |                 sc_mmu_v1_0_16_top__parameterized0 |        161 |        161 |       0 |    0 |  326 |      0 |      0 |    0 |          0 |
|               r_sreg                                                                              |    sc_util_v1_0_4_axi_reg_stall__parameterized0_77 |         76 |         76 |       0 |    0 |  138 |      0 |      0 |    0 |          0 |
|               ar_reg_stall                                                                        |    sc_util_v1_0_4_axi_reg_stall__parameterized0_74 |         30 |         30 |       0 |    0 |   80 |      0 |      0 |    0 |          0 |
|               ar_sreg                                                                             |    sc_util_v1_0_4_axi_reg_stall__parameterized0_75 |         36 |         36 |       0 |    0 |   82 |      0 |      0 |    0 |          0 |
|         s00_nodes                                                                                 |                              s00_nodes_imp_1IK0QIV |        326 |        198 |     128 |    0 |  322 |      0 |      0 |    0 |          0 |
|           s00_ar_node                                                                             |                                     bd_3f73_sarn_0 |        117 |         69 |      48 |    0 |  136 |      0 |      0 |    0 |          0 |
|             inst                                                                                  |                sc_node_v1_0_19_top__parameterized9 |        117 |         69 |      48 |    0 |  136 |      0 |      0 |    0 |          0 |
|               inst_mi_handler                                                                     |         sc_node_v1_0_19_mi_handler__parameterized9 |        115 |         67 |      48 |    0 |  131 |      0 |      0 |    0 |          0 |
|                 gen_normal_area.inst_fifo_node_payld                                              |           sc_node_v1_0_19_fifo__parameterized11_64 |         84 |         36 |      48 |    0 |  105 |      0 |      0 |    0 |          0 |
|                   gen_xpm_memory_fifo.inst_fifo                                                   |  sc_util_v1_0_4_xpm_memory_fifo__parameterized7_66 |         84 |         36 |      48 |    0 |  105 |      0 |      0 |    0 |          0 |
|                     gen_mem_rep[0].inst_xpm_memory                                                |                  xpm_memory_sdpram__parameterized7 |         48 |          0 |      48 |    0 |   83 |      0 |      0 |    0 |          0 |
|                       xpm_memory_base_inst                                                        |                   xpm_memory_base__parameterized10 |         48 |          0 |      48 |    0 |   83 |      0 |      0 |    0 |          0 |
|           s00_r_node                                                                              |                                      bd_3f73_srn_0 |        209 |        129 |      80 |    0 |  186 |      0 |      0 |    0 |          0 |
|             inst                                                                                  |               sc_node_v1_0_19_top__parameterized10 |        209 |        129 |      80 |    0 |  186 |      0 |      0 |    0 |          0 |
|               inst_mi_handler                                                                     |        sc_node_v1_0_19_mi_handler__parameterized10 |        206 |        126 |      80 |    0 |  181 |      0 |      0 |    0 |          0 |
|                 gen_normal_area.inst_fifo_node_payld                                              |              sc_node_v1_0_19_fifo__parameterized12 |        172 |         92 |      80 |    0 |  154 |      0 |      0 |    0 |          0 |
|                   gen_xpm_memory_fifo.inst_fifo                                                   |     sc_util_v1_0_4_xpm_memory_fifo__parameterized8 |        172 |         92 |      80 |    0 |  154 |      0 |      0 |    0 |          0 |
|                     (gen_xpm_memory_fifo.inst_fifo)                                               |     sc_util_v1_0_4_xpm_memory_fifo__parameterized8 |         70 |         70 |       0 |    0 |    3 |      0 |      0 |    0 |          0 |
|                     gen_mem_rep[0].inst_xpm_memory                                                |                  xpm_memory_sdpram__parameterized8 |         80 |          0 |      80 |    0 |  133 |      0 |      0 |    0 |          0 |
|                       xpm_memory_base_inst                                                        |                   xpm_memory_base__parameterized11 |         80 |          0 |      80 |    0 |  133 |      0 |      0 |    0 |          0 |
|         s01_entry_pipeline                                                                        |                      s01_entry_pipeline_imp_KMHGUH |        199 |        190 |       0 |    9 |  374 |      0 |      0 |    0 |          0 |
|           s01_mmu                                                                                 |                                   bd_3f73_s01mmu_0 |        141 |        141 |       0 |    0 |  352 |      0 |      0 |    0 |          0 |
|             inst                                                                                  |                 sc_mmu_v1_0_16_top__parameterized1 |        141 |        141 |       0 |    0 |  352 |      0 |      0 |    0 |          0 |
|               w_sreg                                                                              |    sc_util_v1_0_4_axi_reg_stall__parameterized0_53 |         44 |         44 |       0 |    0 |  150 |      0 |      0 |    0 |          0 |
|               aw_reg_stall                                                                        |       sc_util_v1_0_4_axi_reg_stall__parameterized0 |         35 |         35 |       0 |    0 |   82 |      0 |      0 |    0 |          0 |
|               aw_sreg                                                                             |    sc_util_v1_0_4_axi_reg_stall__parameterized0_51 |         44 |         44 |       0 |    0 |   84 |      0 |      0 |    0 |          0 |
|           s01_si_converter                                                                        |                                   bd_3f73_s01sic_0 |         58 |         49 |       0 |    9 |   22 |      0 |      0 |    0 |          0 |
|             inst                                                                                  |        sc_si_converter_v1_0_16_top__parameterized1 |         58 |         49 |       0 |    9 |   22 |      0 |      0 |    0 |          0 |
|               gen_normal.splitter_inst                                                            |                   sc_si_converter_v1_0_16_splitter |         54 |         45 |       0 |    9 |   18 |      0 |      0 |    0 |          0 |
|                 gen_no_wsplitter.gen_endpoint_woffset.gen_wbypass_offset_fifo.wbypass_offset_fifo |   sc_util_v1_0_4_axic_reg_srl_fifo__parameterized2 |         54 |         45 |       0 |    9 |   17 |      0 |      0 |    0 |          0 |
|         s01_nodes                                                                                 |                               s01_nodes_imp_OUML9T |        356 |        214 |     142 |    0 |  535 |      0 |      0 |    0 |          0 |
|           s01_aw_node                                                                             |                                     bd_3f73_sawn_0 |        119 |         71 |      48 |    0 |  122 |      0 |      0 |    0 |          0 |
|             inst                                                                                  |               sc_node_v1_0_19_top__parameterized11 |        119 |         71 |      48 |    0 |  122 |      0 |      0 |    0 |          0 |
|               inst_mi_handler                                                                     |        sc_node_v1_0_19_mi_handler__parameterized11 |        116 |         68 |      48 |    0 |  117 |      0 |      0 |    0 |          0 |
|                 gen_normal_area.inst_fifo_node_payld                                              |              sc_node_v1_0_19_fifo__parameterized11 |         85 |         37 |      48 |    0 |   91 |      0 |      0 |    0 |          0 |
|                   gen_xpm_memory_fifo.inst_fifo                                                   |     sc_util_v1_0_4_xpm_memory_fifo__parameterized7 |         85 |         37 |      48 |    0 |   91 |      0 |      0 |    0 |          0 |
|                     gen_mem_rep[0].inst_xpm_memory                                                |               xpm_memory_sdpram__parameterized7__1 |         48 |          0 |      48 |    0 |   69 |      0 |      0 |    0 |          0 |
|                       xpm_memory_base_inst                                                        |                xpm_memory_base__parameterized10__1 |         48 |          0 |      48 |    0 |   69 |      0 |      0 |    0 |          0 |
|           s01_b_node                                                                              |                                      bd_3f73_sbn_0 |         67 |         63 |       4 |    0 |   52 |      0 |      0 |    0 |          0 |
|             inst                                                                                  |               sc_node_v1_0_19_top__parameterized12 |         67 |         63 |       4 |    0 |   52 |      0 |      0 |    0 |          0 |
|           s01_w_node                                                                              |                                      bd_3f73_swn_0 |        170 |         80 |      90 |    0 |  361 |      0 |      0 |    0 |          0 |
|             inst                                                                                  |               sc_node_v1_0_19_top__parameterized13 |        170 |         80 |      90 |    0 |  361 |      0 |      0 |    0 |          0 |
|               inst_mi_handler                                                                     |        sc_node_v1_0_19_mi_handler__parameterized13 |        167 |         77 |      90 |    0 |  356 |      0 |      0 |    0 |          0 |
|                 gen_normal_area.inst_fifo_node_payld                                              |              sc_node_v1_0_19_fifo__parameterized15 |        118 |         30 |      88 |    0 |  168 |      0 |      0 |    0 |          0 |
|                   gen_xpm_memory_fifo.inst_fifo                                                   |    sc_util_v1_0_4_xpm_memory_fifo__parameterized11 |        118 |         30 |      88 |    0 |  168 |      0 |      0 |    0 |          0 |
|                     gen_mem_rep[0].inst_xpm_memory                                                |                 xpm_memory_sdpram__parameterized10 |         88 |          0 |      88 |    0 |  146 |      0 |      0 |    0 |          0 |
|                       xpm_memory_base_inst                                                        |                   xpm_memory_base__parameterized13 |         88 |          0 |      88 |    0 |  146 |      0 |      0 |    0 |          0 |
|                 gen_normal_area.gen_upsizer.inst_upsizer                                          |                            sc_node_v1_0_19_upsizer |         15 |         15 |       0 |    0 |  158 |      0 |      0 |    0 |          0 |
|                   (gen_normal_area.gen_upsizer.inst_upsizer)                                      |                            sc_node_v1_0_19_upsizer |         15 |         15 |       0 |    0 |  157 |      0 |      0 |    0 |          0 |
|         switchboards                                                                              |                           switchboards_imp_1CO3DJN |          0 |          0 |       0 |    0 |  438 |      0 |      0 |    0 |          0 |
|           ar_switchboard                                                                          |                                     bd_3f73_arsw_0 |          0 |          0 |       0 |    0 |   83 |      0 |      0 |    0 |          0 |
|             inst                                                                                  |                          sc_switchboard_v1_0_9_top |          0 |          0 |       0 |    0 |   83 |      0 |      0 |    0 |          0 |
|               gen_mi[0].inst_opipe_payld                                                          |        sc_util_v1_0_4_pipeline__parameterized18_20 |          0 |          0 |       0 |    0 |   83 |      0 |      0 |    0 |          0 |
|           aw_switchboard                                                                          |                                     bd_3f73_awsw_0 |          0 |          0 |       0 |    0 |   69 |      0 |      0 |    0 |          0 |
|             inst                                                                                  |                       sc_switchboard_v1_0_9_top__1 |          0 |          0 |       0 |    0 |   69 |      0 |      0 |    0 |          0 |
|               gen_mi[0].inst_opipe_payld                                                          |           sc_util_v1_0_4_pipeline__parameterized18 |          0 |          0 |       0 |    0 |   69 |      0 |      0 |    0 |          0 |
|           r_switchboard                                                                           |                                      bd_3f73_rsw_0 |          0 |          0 |       0 |    0 |  137 |      0 |      0 |    0 |          0 |
|             inst                                                                                  |          sc_switchboard_v1_0_9_top__parameterized1 |          0 |          0 |       0 |    0 |  137 |      0 |      0 |    0 |          0 |
|               gen_mi[0].inst_opipe_payld                                                          |           sc_util_v1_0_4_pipeline__parameterized20 |          0 |          0 |       0 |    0 |  137 |      0 |      0 |    0 |          0 |
|           w_switchboard                                                                           |                                      bd_3f73_wsw_0 |          0 |          0 |       0 |    0 |  146 |      0 |      0 |    0 |          0 |
|             inst                                                                                  |          sc_switchboard_v1_0_9_top__parameterized2 |          0 |          0 |       0 |    0 |  146 |      0 |      0 |    0 |          0 |
|               gen_mi[0].inst_opipe_payld                                                          |           sc_util_v1_0_4_pipeline__parameterized21 |          0 |          0 |       0 |    0 |  146 |      0 |      0 |    0 |          0 |
+---------------------------------------------------------------------------------------------------+----------------------------------------------------+------------+------------+---------+------+------+--------+--------+------+------------+
* Note: The sum of lower-level cells may be larger than their parent cells total, due to cross-hierarchy LUT combining


