Copyright 1986-2022 Xilinx, Inc. All Rights Reserved. Copyright 2022-2025 Advanced Micro Devices, Inc. All Rights Reserved.
---------------------------------------------------------------------------------------------------------------------------------------------
| Tool Version : Vivado v.2025.2 (lin64) Build 6299465 Fri Nov 14 12:34:56 MST 2025
| Date         : Fri Aug 28 11:11:33 2026
| Host         : l-1tmyz44.physics.lsa.umich.edu running 64-bit Red Hat Enterprise Linux 9.8 (Plow)
| Command      : report_utilization -hierarchical -file /home/tengyao/keria-board-self-driving-trigger/reports/trigger_utilization.rpt
| Design       : system_wrapper
| Device       : xck26-sfvc784-2LV-c
| Speed File   : -2LV
| Design State : Routed
---------------------------------------------------------------------------------------------------------------------------------------------

Utilization Design Information

Table of Contents
-----------------
1. Utilization by Hierarchy

1. Utilization by Hierarchy
---------------------------

+---------------------------------------------------------------------------------------------------+----------------------------------------------------+------------+------------+---------+------+------+--------+--------+------+------------+
|                                              Instance                                             |                       Module                       | Total LUTs | Logic LUTs | LUTRAMs | SRLs |  FFs | RAMB36 | RAMB18 | URAM | DSP Blocks |
+---------------------------------------------------------------------------------------------------+----------------------------------------------------+------------+------------+---------+------+------+--------+--------+------+------------+
| system_wrapper                                                                                    |                                              (top) |       4342 |       3656 |     544 |  142 | 6635 |      2 |      1 |    0 |          0 |
|   system_i                                                                                        |                                             system |       4342 |       3656 |     544 |  142 | 6635 |      2 |      1 |    0 |          0 |
|     control_smc                                                                                   |                               system_control_smc_0 |        863 |        862 |       0 |    1 |  938 |      0 |      0 |    0 |          0 |
|       inst                                                                                        |                                            bd_cccd |        863 |        862 |       0 |    1 |  938 |      0 |      0 |    0 |          0 |
|         s00_entry_pipeline                                                                        |                      s00_entry_pipeline_imp_FBKXLF |        695 |        695 |       0 |    0 |  648 |      0 |      0 |    0 |          0 |
|           s00_mmu                                                                                 |                                   bd_cccd_s00mmu_0 |        229 |        229 |       0 |    0 |  254 |      0 |      0 |    0 |          0 |
|             inst                                                                                  |                                 sc_mmu_v1_0_16_top |        229 |        229 |       0 |    0 |  254 |      0 |      0 |    0 |          0 |
|               (inst)                                                                              |                                 sc_mmu_v1_0_16_top |         71 |         71 |       0 |    0 |   20 |      0 |      0 |    0 |          0 |
|               ar_reg_stall                                                                        |   sc_util_v1_0_4_axi_reg_stall__parameterized0_168 |         46 |         46 |       0 |    0 |   90 |      0 |      0 |    0 |          0 |
|               aw_reg_stall                                                                        |   sc_util_v1_0_4_axi_reg_stall__parameterized0_169 |         41 |         41 |       0 |    0 |   90 |      0 |      0 |    0 |          0 |
|               gen_endpoint.decerr_slave_inst                                                      |                        sc_mmu_v1_0_16_decerr_slave |         57 |         57 |       0 |    0 |   49 |      0 |      0 |    0 |          0 |
|           s00_si_converter                                                                        |                                   bd_cccd_s00sic_0 |        460 |        460 |       0 |    0 |  354 |      0 |      0 |    0 |          0 |
|             inst                                                                                  |                        sc_si_converter_v1_0_16_top |        460 |        460 |       0 |    0 |  354 |      0 |      0 |    0 |          0 |
|               gen_axilite_conv.axilite_conv_inst                                                  |               sc_si_converter_v1_0_16_axilite_conv |        459 |        459 |       0 |    0 |  350 |      0 |      0 |    0 |          0 |
|         switchboards                                                                              |                            switchboards_imp_KDT2CD |         82 |         82 |       0 |    0 |  163 |      0 |      0 |    0 |          0 |
|           i_nodes                                                                                 |                                i_nodes_imp_137J6SL |         66 |         66 |       0 |    0 |  163 |      0 |      0 |    0 |          0 |
|             i_r_node                                                                              |                                      bd_cccd_rni_0 |         19 |         19 |       0 |    0 |   54 |      0 |      0 |    0 |          0 |
|               inst                                                                                |               sc_node_v1_0_19_top__parameterized12 |         19 |         19 |       0 |    0 |   54 |      0 |      0 |    0 |          0 |
|     dma                                                                                           |                                       system_dma_0 |       1383 |       1257 |       8 |  118 | 2020 |      2 |      1 |    0 |          0 |
|       U0                                                                                          |                                            axi_dma |       1383 |       1257 |       8 |  118 | 2020 |      2 |      1 |    0 |          0 |
|         INCLUDE_MM2S_SOF_EOF_GENERATOR.I_MM2S_DMA_MNGR                                            |                                  axi_dma_mm2s_mngr |         14 |         14 |       0 |    0 |   76 |      0 |      0 |    0 |          0 |
|           GEN_MM2S_DMA_CONTROL.GEN_SIMPLE_DMA_MODE.I_MM2S_SMPL_SM                                 |                                axi_dma_smple_sm_18 |          9 |          9 |       0 |    0 |   65 |      0 |      0 |    0 |          0 |
|         INCLUDE_S2MM_SOF_EOF_GENERATOR.I_S2MM_DMA_MNGR                                            |                                  axi_dma_s2mm_mngr |         29 |         29 |       0 |    0 |  104 |      0 |      0 |    0 |          0 |
|           GEN_S2MM_DMA_CONTROL.GEN_SIMPLE_DMA_MODE.I_S2MM_SMPL_SM                                 |                                   axi_dma_smple_sm |          9 |          9 |       0 |    0 |   65 |      0 |      0 |    0 |          0 |
|         I_AXI_DMA_REG_MODULE                                                                      |                                 axi_dma_reg_module |        148 |        148 |       0 |    0 |  265 |      0 |      0 |    0 |          0 |
|           GEN_AXI_LITE_IF.AXI_LITE_IF_I                                                           |                                    axi_dma_lite_if |        101 |        101 |       0 |    0 |   85 |      0 |      0 |    0 |          0 |
|           GEN_MM2S_REGISTERS.I_MM2S_DMA_REGISTER                                                  |                                   axi_dma_register |         10 |         10 |       0 |    0 |   90 |      0 |      0 |    0 |          0 |
|           GEN_S2MM_REGISTERS.I_S2MM_DMA_REGISTER                                                  |                              axi_dma_register_s2mm |         38 |         38 |       0 |    0 |   90 |      0 |      0 |    0 |          0 |
|         I_PRMRY_DATAMOVER                                                                         |                                      axi_datamover |       1177 |       1051 |       8 |  118 | 1537 |      2 |      1 |    0 |          0 |
|           GEN_MM2S_FULL.I_MM2S_FULL_WRAPPER                                                       |                       axi_datamover_mm2s_full_wrap |        441 |        401 |       0 |   40 |  578 |      1 |      1 |    0 |          0 |
|             ENABLE_AXIS_SKID.I_MM2S_SKID_BUF                                                      |                             axi_datamover_skid_buf |         80 |         80 |       0 |    0 |  153 |      0 |      0 |    0 |          0 |
|             GEN_INCLUDE_MM2S_SF.I_RD_SF                                                           |                                axi_datamover_rd_sf |         74 |         74 |       0 |    0 |   59 |      1 |      1 |    0 |          0 |
|               I_DATA_FIFO                                                                         |                         axi_datamover_sfifo_autord |         63 |         63 |       0 |    0 |   47 |      1 |      1 |    0 |          0 |
|                 BLK_MEM.I_SYNC_FIFOGEN_FIFO                                                       |                                      xpm_fifo_sync |         55 |         55 |       0 |    0 |   47 |      1 |      1 |    0 |          0 |
|                   xpm_fifo_base_inst                                                              |                                      xpm_fifo_base |         55 |         55 |       0 |    0 |   47 |      1 |      1 |    0 |          0 |
|             I_CMD_STATUS                                                                          |                           axi_datamover_cmd_status |          8 |          8 |       0 |    0 |   71 |      0 |      0 |    0 |          0 |
|               I_CMD_FIFO                                                                          |                               axi_datamover_fifo_8 |          3 |          3 |       0 |    0 |   65 |      0 |      0 |    0 |          0 |
|             I_MSTR_PCC                                                                            |                                  axi_datamover_pcc |        177 |        177 |       0 |    0 |  182 |      0 |      0 |    0 |          0 |
|           GEN_S2MM_FULL.I_S2MM_FULL_WRAPPER                                                       |                       axi_datamover_s2mm_full_wrap |        736 |        650 |       8 |   78 |  959 |      1 |      0 |    0 |          0 |
|             GEN_ENABLE_INDET_BTT_SF.I_INDET_BTT                                                   |                            axi_datamover_indet_btt |        156 |        148 |       8 |    0 |  193 |      1 |      0 |    0 |          0 |
|               I_XD_FIFO                                                                           |         axi_datamover_sfifo_autord__parameterized0 |         60 |         52 |       8 |    0 |   54 |      0 |      0 |    0 |          0 |
|                 NON_BLK_MEM.I_SYNC_FIFOGEN_FIFO                                                   |                      xpm_fifo_sync__parameterized1 |         41 |         33 |       8 |    0 |   54 |      0 |      0 |    0 |          0 |
|                   xpm_fifo_base_inst                                                              |                      xpm_fifo_base__parameterized0 |         41 |         33 |       8 |    0 |   54 |      0 |      0 |    0 |          0 |
|               ENABLE_AXIS_SKID.I_INDET_BTT_SKID_BUF                                               |             axi_datamover_skid_buf__parameterized1 |         44 |         44 |       0 |    0 |   86 |      0 |      0 |    0 |          0 |
|             GEN_INCLUDE_IBTTCC.I_S2MM_MSTR_IBTTCC                                                 |                               axi_datamover_ibttcc |        153 |        153 |       0 |    0 |  251 |      0 |      0 |    0 |          0 |
|             GEN_INCLUDE_REALIGNER.I_S2MM_REALIGNER                                                |                         axi_datamover_s2mm_realign |        189 |        163 |       0 |   26 |  133 |      0 |      0 |    0 |          0 |
|               GEN_INCLUDE_SCATTER.I_S2MM_SCATTER                                                  |                         axi_datamover_s2mm_scatter |        156 |        148 |       0 |    8 |  120 |      0 |      0 |    0 |          0 |
|                 (GEN_INCLUDE_SCATTER.I_S2MM_SCATTER)                                              |                         axi_datamover_s2mm_scatter |         76 |         76 |       0 |    0 |   71 |      0 |      0 |    0 |          0 |
|             I_CMD_STATUS                                                                          |           axi_datamover_cmd_status__parameterized0 |         23 |         23 |       0 |    0 |   99 |      0 |      0 |    0 |          0 |
|               I_CMD_FIFO                                                                          |                                 axi_datamover_fifo |          4 |          4 |       0 |    0 |   65 |      0 |      0 |    0 |          0 |
|             I_S2MM_MMAP_SKID_BUF                                                                  |                          axi_datamover_skid2mm_buf |         39 |         39 |       0 |    0 |   79 |      0 |      0 |    0 |          0 |
|             I_WR_DATA_CNTL                                                                        |                          axi_datamover_wrdata_cntl |         79 |         69 |       0 |   10 |   63 |      0 |      0 |    0 |          0 |
|               (I_WR_DATA_CNTL)                                                                    |                          axi_datamover_wrdata_cntl |         47 |         47 |       0 |    0 |   57 |      0 |      0 |    0 |          0 |
|     memory_smc                                                                                    |                                system_memory_smc_0 |       1983 |       1425 |     536 |   22 | 3497 |      0 |      0 |    0 |          0 |
|       inst                                                                                        |                                            bd_3f73 |       1983 |       1425 |     536 |   22 | 3497 |      0 |      0 |    0 |          0 |
|         m00_exit_pipeline                                                                         |                       m00_exit_pipeline_imp_MRNY3I |        286 |        276 |       0 |   10 |  824 |      0 |      0 |    0 |          0 |
|           m00_exit                                                                                |                                     bd_3f73_m00e_0 |        286 |        276 |       0 |   10 |  824 |      0 |      0 |    0 |          0 |
|             inst                                                                                  |                sc_exit_v1_0_18_top__parameterized1 |        286 |        276 |       0 |   10 |  824 |      0 |      0 |    0 |          0 |
|               w_reg                                                                               |   sc_util_v1_0_4_axi_reg_stall__parameterized0_133 |         77 |         77 |       0 |    0 |  294 |      0 |      0 |    0 |          0 |
|               ar_reg                                                                              |   sc_util_v1_0_4_axi_reg_stall__parameterized0_129 |         41 |         41 |       0 |    0 |  112 |      0 |      0 |    0 |          0 |
|               aw_reg                                                                              |   sc_util_v1_0_4_axi_reg_stall__parameterized0_130 |         40 |         40 |       0 |    0 |  112 |      0 |      0 |    0 |          0 |
|               r_reg                                                                               |   sc_util_v1_0_4_axi_reg_stall__parameterized0_132 |         71 |         71 |       0 |    0 |  266 |      0 |      0 |    0 |          0 |
|         m00_nodes                                                                                 |                                m00_nodes_imp_M9BW2 |        643 |        376 |     266 |    1 |  717 |      0 |      0 |    0 |          0 |
|           m00_ar_node                                                                             |                                   bd_3f73_m00arn_0 |        117 |         69 |      48 |    0 |  124 |      0 |      0 |    0 |          0 |
|             inst                                                                                  |               sc_node_v1_0_19_top__parameterized14 |        117 |         69 |      48 |    0 |  124 |      0 |      0 |    0 |          0 |
|               inst_mi_handler                                                                     |        sc_node_v1_0_19_mi_handler__parameterized14 |        109 |         61 |      48 |    0 |  113 |      0 |      0 |    0 |          0 |
|                 gen_normal_area.inst_fifo_node_payld                                              |           sc_node_v1_0_19_fifo__parameterized4_119 |         74 |         26 |      48 |    0 |   89 |      0 |      0 |    0 |          0 |
|                   gen_xpm_memory_fifo.inst_fifo                                                   | sc_util_v1_0_4_xpm_memory_fifo__parameterized0_121 |         74 |         26 |      48 |    0 |   89 |      0 |      0 |    0 |          0 |
|                     gen_mem_rep[0].inst_xpm_memory                                                |                  xpm_memory_sdpram__parameterized0 |         48 |          0 |      48 |    0 |   68 |      0 |      0 |    0 |          0 |
|                       xpm_memory_base_inst                                                        |                    xpm_memory_base__parameterized3 |         48 |          0 |      48 |    0 |   68 |      0 |      0 |    0 |          0 |
|           m00_aw_node                                                                             |                                   bd_3f73_m00awn_0 |        126 |         85 |      40 |    1 |  128 |      0 |      0 |    0 |          0 |
|             inst                                                                                  |               sc_node_v1_0_19_top__parameterized15 |        126 |         85 |      40 |    1 |  128 |      0 |      0 |    0 |          0 |
|               inst_mi_handler                                                                     |        sc_node_v1_0_19_mi_handler__parameterized15 |        101 |         61 |      40 |    0 |  109 |      0 |      0 |    0 |          0 |
|                 gen_normal_area.inst_fifo_node_payld                                              |               sc_node_v1_0_19_fifo__parameterized4 |         65 |         25 |      40 |    0 |   85 |      0 |      0 |    0 |          0 |
|                   gen_xpm_memory_fifo.inst_fifo                                                   |     sc_util_v1_0_4_xpm_memory_fifo__parameterized0 |         65 |         25 |      40 |    0 |   85 |      0 |      0 |    0 |          0 |
|                     gen_mem_rep[0].inst_xpm_memory                                                |               xpm_memory_sdpram__parameterized0__1 |         40 |          0 |      40 |    0 |   64 |      0 |      0 |    0 |          0 |
|                       xpm_memory_base_inst                                                        |                 xpm_memory_base__parameterized3__1 |         40 |          0 |      40 |    0 |   64 |      0 |      0 |    0 |          0 |
|           m00_b_node                                                                              |                                    bd_3f73_m00bn_0 |         86 |         76 |      10 |    0 |   62 |      0 |      0 |    0 |          0 |
|             inst                                                                                  |               sc_node_v1_0_19_top__parameterized16 |         86 |         76 |      10 |    0 |   62 |      0 |      0 |    0 |          0 |
|               inst_mi_handler                                                                     |        sc_node_v1_0_19_mi_handler__parameterized16 |         82 |         72 |      10 |    0 |   57 |      0 |      0 |    0 |          0 |
|           m00_r_node                                                                              |                                    bd_3f73_m00rn_0 |        156 |         74 |      82 |    0 |  196 |      0 |      0 |    0 |          0 |
|             inst                                                                                  |               sc_node_v1_0_19_top__parameterized17 |        156 |         74 |      82 |    0 |  196 |      0 |      0 |    0 |          0 |
|               inst_mi_handler                                                                     |        sc_node_v1_0_19_mi_handler__parameterized17 |        153 |         71 |      82 |    0 |  191 |      0 |      0 |    0 |          0 |
|                 gen_normal_area.inst_fifo_node_payld                                              |               sc_node_v1_0_19_fifo__parameterized7 |        117 |         37 |      80 |    0 |  159 |      0 |      0 |    0 |          0 |
|                   gen_xpm_memory_fifo.inst_fifo                                                   |     sc_util_v1_0_4_xpm_memory_fifo__parameterized3 |        117 |         37 |      80 |    0 |  159 |      0 |      0 |    0 |          0 |
|                     gen_mem_rep[0].inst_xpm_memory                                                |                  xpm_memory_sdpram__parameterized3 |         80 |          0 |      80 |    0 |  137 |      0 |      0 |    0 |          0 |
|                       xpm_memory_base_inst                                                        |                    xpm_memory_base__parameterized6 |         80 |          0 |      80 |    0 |  137 |      0 |      0 |    0 |          0 |
|           m00_w_node                                                                              |                                    bd_3f73_m00wn_0 |        158 |         72 |      86 |    0 |  207 |      0 |      0 |    0 |          0 |
|             inst                                                                                  |               sc_node_v1_0_19_top__parameterized18 |        158 |         72 |      86 |    0 |  207 |      0 |      0 |    0 |          0 |
|               inst_mi_handler                                                                     |        sc_node_v1_0_19_mi_handler__parameterized18 |        141 |         57 |      84 |    0 |  190 |      0 |      0 |    0 |          0 |
|                 gen_normal_area.inst_fifo_node_payld                                              |               sc_node_v1_0_19_fifo__parameterized9 |        109 |         25 |      84 |    0 |  166 |      0 |      0 |    0 |          0 |
|                   gen_xpm_memory_fifo.inst_fifo                                                   |     sc_util_v1_0_4_xpm_memory_fifo__parameterized5 |        109 |         25 |      84 |    0 |  166 |      0 |      0 |    0 |          0 |
|                     gen_mem_rep[0].inst_xpm_memory                                                |                  xpm_memory_sdpram__parameterized5 |         84 |          0 |      84 |    0 |  145 |      0 |      0 |    0 |          0 |
|                       xpm_memory_base_inst                                                        |                    xpm_memory_base__parameterized8 |         84 |          0 |      84 |    0 |  145 |      0 |      0 |    0 |          0 |
|         s00_entry_pipeline                                                                        |                     s00_entry_pipeline_imp_1M15X0D |        176 |        176 |       0 |    0 |  330 |      0 |      0 |    0 |          0 |
|           s00_mmu                                                                                 |                                   bd_3f73_s00mmu_0 |        160 |        160 |       0 |    0 |  326 |      0 |      0 |    0 |          0 |
|             inst                                                                                  |                 sc_mmu_v1_0_16_top__parameterized0 |        160 |        160 |       0 |    0 |  326 |      0 |      0 |    0 |          0 |
|               r_sreg                                                                              |    sc_util_v1_0_4_axi_reg_stall__parameterized0_75 |         75 |         75 |       0 |    0 |  138 |      0 |      0 |    0 |          0 |
|               ar_reg_stall                                                                        |    sc_util_v1_0_4_axi_reg_stall__parameterized0_73 |         30 |         30 |       0 |    0 |   80 |      0 |      0 |    0 |          0 |
|               ar_sreg                                                                             |    sc_util_v1_0_4_axi_reg_stall__parameterized0_74 |         36 |         36 |       0 |    0 |   82 |      0 |      0 |    0 |          0 |
|         s00_nodes                                                                                 |                              s00_nodes_imp_1IK0QIV |        327 |        199 |     128 |    0 |  322 |      0 |      0 |    0 |          0 |
|           s00_ar_node                                                                             |                                     bd_3f73_sarn_0 |        117 |         69 |      48 |    0 |  136 |      0 |      0 |    0 |          0 |
|             inst                                                                                  |               sc_node_v1_0_19_top__parameterized19 |        117 |         69 |      48 |    0 |  136 |      0 |      0 |    0 |          0 |
|               inst_mi_handler                                                                     |        sc_node_v1_0_19_mi_handler__parameterized19 |        114 |         66 |      48 |    0 |  131 |      0 |      0 |    0 |          0 |
|                 gen_normal_area.inst_fifo_node_payld                                              |           sc_node_v1_0_19_fifo__parameterized11_63 |         84 |         36 |      48 |    0 |  105 |      0 |      0 |    0 |          0 |
|                   gen_xpm_memory_fifo.inst_fifo                                                   |  sc_util_v1_0_4_xpm_memory_fifo__parameterized7_65 |         84 |         36 |      48 |    0 |  105 |      0 |      0 |    0 |          0 |
|                     gen_mem_rep[0].inst_xpm_memory                                                |                  xpm_memory_sdpram__parameterized7 |         48 |          0 |      48 |    0 |   83 |      0 |      0 |    0 |          0 |
|                       xpm_memory_base_inst                                                        |                   xpm_memory_base__parameterized10 |         48 |          0 |      48 |    0 |   83 |      0 |      0 |    0 |          0 |
|           s00_r_node                                                                              |                                      bd_3f73_srn_0 |        210 |        130 |      80 |    0 |  186 |      0 |      0 |    0 |          0 |
|             inst                                                                                  |               sc_node_v1_0_19_top__parameterized20 |        210 |        130 |      80 |    0 |  186 |      0 |      0 |    0 |          0 |
|               inst_mi_handler                                                                     |        sc_node_v1_0_19_mi_handler__parameterized20 |        207 |        127 |      80 |    0 |  181 |      0 |      0 |    0 |          0 |
|                 gen_normal_area.inst_fifo_node_payld                                              |              sc_node_v1_0_19_fifo__parameterized12 |        172 |         92 |      80 |    0 |  154 |      0 |      0 |    0 |          0 |
|                   gen_xpm_memory_fifo.inst_fifo                                                   |     sc_util_v1_0_4_xpm_memory_fifo__parameterized8 |        172 |         92 |      80 |    0 |  154 |      0 |      0 |    0 |          0 |
|                     (gen_xpm_memory_fifo.inst_fifo)                                               |     sc_util_v1_0_4_xpm_memory_fifo__parameterized8 |         70 |         70 |       0 |    0 |    3 |      0 |      0 |    0 |          0 |
|                     gen_mem_rep[0].inst_xpm_memory                                                |                  xpm_memory_sdpram__parameterized8 |         80 |          0 |      80 |    0 |  133 |      0 |      0 |    0 |          0 |
|                       xpm_memory_base_inst                                                        |                   xpm_memory_base__parameterized11 |         80 |          0 |      80 |    0 |  133 |      0 |      0 |    0 |          0 |
|         s01_entry_pipeline                                                                        |                      s01_entry_pipeline_imp_KMHGUH |        182 |        172 |       0 |   10 |  299 |      0 |      0 |    0 |          0 |
|           s01_mmu                                                                                 |                                   bd_3f73_s01mmu_0 |        124 |        124 |       0 |    0 |  276 |      0 |      0 |    0 |          0 |
|             inst                                                                                  |                 sc_mmu_v1_0_16_top__parameterized1 |        124 |        124 |       0 |    0 |  276 |      0 |      0 |    0 |          0 |
|               w_sreg                                                                              |    sc_util_v1_0_4_axi_reg_stall__parameterized0_52 |         26 |         26 |       0 |    0 |   78 |      0 |      0 |    0 |          0 |
|               aw_reg_stall                                                                        |       sc_util_v1_0_4_axi_reg_stall__parameterized0 |         34 |         34 |       0 |    0 |   80 |      0 |      0 |    0 |          0 |
|               aw_sreg                                                                             |    sc_util_v1_0_4_axi_reg_stall__parameterized0_50 |         44 |         44 |       0 |    0 |   82 |      0 |      0 |    0 |          0 |
|           s01_si_converter                                                                        |                                   bd_3f73_s01sic_0 |         58 |         48 |       0 |   10 |   23 |      0 |      0 |    0 |          0 |
|             inst                                                                                  |        sc_si_converter_v1_0_16_top__parameterized1 |         58 |         48 |       0 |   10 |   23 |      0 |      0 |    0 |          0 |
|               gen_normal.splitter_inst                                                            |   sc_si_converter_v1_0_16_splitter__parameterized0 |         53 |         43 |       0 |   10 |   19 |      0 |      0 |    0 |          0 |
|                 gen_no_wsplitter.gen_endpoint_woffset.gen_wbypass_offset_fifo.wbypass_offset_fifo |   sc_util_v1_0_4_axic_reg_srl_fifo__parameterized2 |         53 |         43 |       0 |   10 |   18 |      0 |      0 |    0 |          0 |
|         s01_nodes                                                                                 |                               s01_nodes_imp_OUML9T |        361 |        219 |     142 |    0 |  537 |      0 |      0 |    0 |          0 |
|           s01_aw_node                                                                             |                                     bd_3f73_sawn_0 |        118 |         70 |      48 |    0 |  122 |      0 |      0 |    0 |          0 |
|             inst                                                                                  |               sc_node_v1_0_19_top__parameterized21 |        118 |         70 |      48 |    0 |  122 |      0 |      0 |    0 |          0 |
|               inst_mi_handler                                                                     |        sc_node_v1_0_19_mi_handler__parameterized21 |        115 |         67 |      48 |    0 |  117 |      0 |      0 |    0 |          0 |
|                 gen_normal_area.inst_fifo_node_payld                                              |              sc_node_v1_0_19_fifo__parameterized11 |         84 |         36 |      48 |    0 |   91 |      0 |      0 |    0 |          0 |
|                   gen_xpm_memory_fifo.inst_fifo                                                   |     sc_util_v1_0_4_xpm_memory_fifo__parameterized7 |         84 |         36 |      48 |    0 |   91 |      0 |      0 |    0 |          0 |
|                     gen_mem_rep[0].inst_xpm_memory                                                |               xpm_memory_sdpram__parameterized7__1 |         48 |          0 |      48 |    0 |   69 |      0 |      0 |    0 |          0 |
|                       xpm_memory_base_inst                                                        |                xpm_memory_base__parameterized10__1 |         48 |          0 |      48 |    0 |   69 |      0 |      0 |    0 |          0 |
|           s01_b_node                                                                              |                                      bd_3f73_sbn_0 |         68 |         64 |       4 |    0 |   52 |      0 |      0 |    0 |          0 |
|             inst                                                                                  |               sc_node_v1_0_19_top__parameterized22 |         68 |         64 |       4 |    0 |   52 |      0 |      0 |    0 |          0 |
|           s01_w_node                                                                              |                                      bd_3f73_swn_0 |        175 |         85 |      90 |    0 |  363 |      0 |      0 |    0 |          0 |
|             inst                                                                                  |               sc_node_v1_0_19_top__parameterized23 |        175 |         85 |      90 |    0 |  363 |      0 |      0 |    0 |          0 |
|               inst_mi_handler                                                                     |        sc_node_v1_0_19_mi_handler__parameterized23 |        172 |         82 |      90 |    0 |  358 |      0 |      0 |    0 |          0 |
|                 gen_normal_area.inst_fifo_node_payld                                              |              sc_node_v1_0_19_fifo__parameterized15 |        119 |         31 |      88 |    0 |  168 |      0 |      0 |    0 |          0 |
|                   gen_xpm_memory_fifo.inst_fifo                                                   |    sc_util_v1_0_4_xpm_memory_fifo__parameterized11 |        119 |         31 |      88 |    0 |  168 |      0 |      0 |    0 |          0 |
|                     gen_mem_rep[0].inst_xpm_memory                                                |                 xpm_memory_sdpram__parameterized10 |         88 |          0 |      88 |    0 |  146 |      0 |      0 |    0 |          0 |
|                       xpm_memory_base_inst                                                        |                   xpm_memory_base__parameterized13 |         88 |          0 |      88 |    0 |  146 |      0 |      0 |    0 |          0 |
|                 gen_normal_area.gen_upsizer.inst_upsizer                                          |                            sc_node_v1_0_19_upsizer |         19 |         19 |       0 |    0 |  160 |      0 |      0 |    0 |          0 |
|                   (gen_normal_area.gen_upsizer.inst_upsizer)                                      |                            sc_node_v1_0_19_upsizer |         19 |         19 |       0 |    0 |  159 |      0 |      0 |    0 |          0 |
|         switchboards                                                                              |                           switchboards_imp_1CO3DJN |          0 |          0 |       0 |    0 |  438 |      0 |      0 |    0 |          0 |
|           ar_switchboard                                                                          |                                     bd_3f73_arsw_0 |          0 |          0 |       0 |    0 |   83 |      0 |      0 |    0 |          0 |
|             inst                                                                                  |          sc_switchboard_v1_0_9_top__parameterized6 |          0 |          0 |       0 |    0 |   83 |      0 |      0 |    0 |          0 |
|               gen_mi[0].inst_opipe_payld                                                          |        sc_util_v1_0_4_pipeline__parameterized17_19 |          0 |          0 |       0 |    0 |   83 |      0 |      0 |    0 |          0 |
|           aw_switchboard                                                                          |                                     bd_3f73_awsw_0 |          0 |          0 |       0 |    0 |   69 |      0 |      0 |    0 |          0 |
|             inst                                                                                  |       sc_switchboard_v1_0_9_top__parameterized6__1 |          0 |          0 |       0 |    0 |   69 |      0 |      0 |    0 |          0 |
|               gen_mi[0].inst_opipe_payld                                                          |           sc_util_v1_0_4_pipeline__parameterized17 |          0 |          0 |       0 |    0 |   69 |      0 |      0 |    0 |          0 |
|           r_switchboard                                                                           |                                      bd_3f73_rsw_0 |          0 |          0 |       0 |    0 |  137 |      0 |      0 |    0 |          0 |
|             inst                                                                                  |          sc_switchboard_v1_0_9_top__parameterized8 |          0 |          0 |       0 |    0 |  137 |      0 |      0 |    0 |          0 |
|               gen_mi[0].inst_opipe_payld                                                          |           sc_util_v1_0_4_pipeline__parameterized19 |          0 |          0 |       0 |    0 |  137 |      0 |      0 |    0 |          0 |
|           w_switchboard                                                                           |                                      bd_3f73_wsw_0 |          0 |          0 |       0 |    0 |  146 |      0 |      0 |    0 |          0 |
|             inst                                                                                  |          sc_switchboard_v1_0_9_top__parameterized9 |          0 |          0 |       0 |    0 |  146 |      0 |      0 |    0 |          0 |
|               gen_mi[0].inst_opipe_payld                                                          |           sc_util_v1_0_4_pipeline__parameterized20 |          0 |          0 |       0 |    0 |  146 |      0 |      0 |    0 |          0 |
|     trigger                                                                                       |                                   system_trigger_0 |        101 |        101 |       0 |    0 |  147 |      0 |      0 |    0 |          0 |
|       inst                                                                                        |                            axis_trigger_bd_wrapper |        101 |        101 |       0 |    0 |  147 |      0 |      0 |    0 |          0 |
|         implementation                                                                            |                                   axis_trigger_top |        101 |        101 |       0 |    0 |  147 |      0 |      0 |    0 |          0 |
|           regs_i                                                                                  |                              trigger_axi_lite_regs |         97 |         97 |       0 |    0 |  140 |      0 |      0 |    0 |          0 |
+---------------------------------------------------------------------------------------------------+----------------------------------------------------+------------+------------+---------+------+------+--------+--------+------+------------+
* Note: The sum of lower-level cells may be larger than their parent cells total, due to cross-hierarchy LUT combining


